// Jest Snapshot v1, https://goo.gl/fbAQLP

exports[`OverviewCard component renders the OverviewCard match snapshot 1`] = `
<div>
  <a
    class="flex flex-col border rounded-lg p-5 dark:bg-zinc-800 dark:border-gray-700 md:flex-row md:gap-4"
    href="/"
  >
    <div
      class="relative block bg-zinc-200 rounded-lg flex-1 md:basis-2/5"
    />
    <div
      class="flex flex-1 flex-col gap-1 dark:text-white min-w-0 md:basis-3/5"
    >
      <div
        class="w-fit flex items-center gap-2 px-2 py-1 bg-blue-950 rounded-md text-white text-sm"
      >
        <svg
          class="w-2.5 h-2.5"
          fill="none"
          stroke="currentColor"
          viewBox="0 0 12 12"
          xmlns="http://www.w3.org/2000/svg"
        >
          <path
            d="M5.59998 4V6L6.84998 7.25"
            stroke-linecap="round"
            stroke-linejoin="round"
          />
          <path
            d="M3.09998 1.66901C3.85974 1.22946 4.72223 0.998653 5.59998 1.00001C8.36148 1.00001 10.6 3.23851 10.6 6.00001C10.6 8.76151 8.36148 11 5.59998 11C2.83848 11 0.599976 8.76151 0.599976 6.00001C0.599976 5.08951 0.843476 4.23501 1.26898 3.50001"
            stroke-linecap="round"
          />
        </svg>
        Design Project
      </div>
      <div
        class="flex justify-between items-center "
      >
        <div
          class="text-md font-bold truncate"
        >
          Website Design Lorem ipsum dolor sit amet, consectetur adipiscing elit. Ut pulvinar, nisl sed commodo viverra, urna enim interdum ligula, vitae tempor lorem nibh tincidunt nisi. 
        </div>
        <div
          class="font-normal text-xs text-zinc-500"
        >
          3pm
        </div>
      </div>
      <div
        class="text-xs text-zinc-500 truncate"
      >
        Lorem ipsum dolor sit amet, consectetur adipiscing elit. Ut pulvinar, nisl sed commodo viverra, urna enim interdum ligula, vitae tempor lorem nibh tincidunt nisi. Aliquam pellentesque metus non sollicitudin mattis. Cras quis auctor massa, at facilisis massa. Vivamus efficitur eros eget ante aliquet semper. Nunc tempus risus turpis, et sagittis felis consectetur eu. Integer luctus felis sed neque rutrum mattis. Quisque molestie tincidunt ligula, id fermentum dui dignissim quis. Nulla facilisi. Integer eget nulla a velit aliquet commodo vitae et leo. Aliquam erat volutpat. Cras nec arcu at dui blandit maximus. Curabitur rhoncus convallis arcu, et condimentum diam facilisis sollicitudin. Quisque in gravida nunc, sit amet semper tortor. Fusce dignissim pretium odio sit amet sagittis.
      </div>
    </div>
  </a>
</div>
`;
