// Jest Snapshot v1, https://goo.gl/fbAQLP

exports[`Button component renders the Button with children 1`] = `
<button
  class="flex items-center rounded-lg p-2 disabled:cursor-not-allowed bg-neutral-800 text-white hover:bg-neutral-700 dark:bg-black dark:hover:opacity-70 disabled:bg-neutral-800/50"
  type="button"
>
  Click me
</button>
`;
