// Jest Snapshot v1, https://goo.gl/fbAQLP

exports[`Header component Should match snapshot 1`] = `
{
  "asFragment": [Function],
  "baseElement": <body>
    <div>
      <div
        class="flex items-center justify-between gap-4 p-3 bg-white dark:bg-zinc-800 rounded-lg"
      >
        <div
          class="relative w-full"
        >
          <div
            class="pointer-events-none absolute inset-y-0 start-0 flex items-center ps-3"
          >
            <svg
              class="h-6 w-6 text-slate-500"
              fill="currentColor"
              height="1em"
              id="search"
              stroke="currentColor"
              stroke-width="0"
              version="1.1"
              viewBox="0 0 24 24"
              width="1em"
              x="0px"
              xmlns="http://www.w3.org/2000/svg"
              y="0px"
            >
              <g>
                <path
                  d="M20.031,20.79c0.46,0.46,1.17-0.25,0.71-0.7l-3.75-3.76c1.27-1.41,2.04-3.27,2.04-5.31
		c0-4.39-3.57-7.96-7.96-7.96s-7.96,3.57-7.96,7.96c0,4.39,3.57,7.96,7.96,7.96c1.98,0,3.81-0.73,5.21-1.94L20.031,20.79z
		 M4.11,11.02c0-3.84,3.13-6.96,6.96-6.96c3.84,0,6.96,3.12,6.96,6.96c0,3.84-3.12,6.96-6.96,6.96C7.24,17.98,4.11,14.86,4.11,11.02
		z"
                />
              </g>
            </svg>
          </div>
          <input
            class="p-4 border border-zinc-300 focus:outline focus:outline-zinc-300 rounded-lg w-full dark:border-gray-700 dark:focus:outline-gray-700 dark:focus:border-gray-700 disabled:cursor-not-allowed disabled:opacity-50 bg-transparent text-zinc-500 dark:text-white ps-10"
            placeholder="Search"
            type="text"
            value=""
          />
        </div>
        <button
          class="flex items-center rounded-lg disabled:cursor-not-allowed bg-neutral-800 text-white hover:bg-neutral-700 dark:bg-black dark:hover:opacity-70 disabled:bg-neutral-800/50 flex-none p-4"
          type="button"
        >
          <div
            class=""
          >
            <svg
              fill="currentColor"
              height="1em"
              stroke="currentColor"
              stroke-width="0"
              viewBox="0 0 16 16"
              width="1em"
              xmlns="http://www.w3.org/2000/svg"
            >
              <path
                d="M7.657 6.247c.11-.33.576-.33.686 0l.645 1.937a2.89 2.89 0 0 0 1.829 1.828l1.936.645c.33.11.33.576 0 .686l-1.937.645a2.89 2.89 0 0 0-1.828 1.829l-.645 1.936a.361.361 0 0 1-.686 0l-.645-1.937a2.89 2.89 0 0 0-1.828-1.828l-1.937-.645a.361.361 0 0 1 0-.686l1.937-.645a2.89 2.89 0 0 0 1.828-1.828zM3.794 1.148a.217.217 0 0 1 .412 0l.387 1.162c.173.518.579.924 1.097 1.097l1.162.387a.217.217 0 0 1 0 .412l-1.162.387A1.73 1.73 0 0 0 4.593 5.69l-.387 1.162a.217.217 0 0 1-.412 0L3.407 5.69A1.73 1.73 0 0 0 2.31 4.593l-1.162-.387a.217.217 0 0 1 0-.412l1.162-.387A1.73 1.73 0 0 0 3.407 2.31zM10.863.099a.145.145 0 0 1 .274 0l.258.774c.115.346.386.617.732.732l.774.258a.145.145 0 0 1 0 .274l-.774.258a1.16 1.16 0 0 0-.732.732l-.258.774a.145.145 0 0 1-.274 0l-.258-.774a1.16 1.16 0 0 0-.732-.732L9.1 2.137a.145.145 0 0 1 0-.274l.774-.258c.346-.115.617-.386.732-.732z"
              />
            </svg>
          </div>
          Create New Task
        </button>
        <button
          class="flex items-center rounded-lg disabled:cursor-not-allowed border border-gray-200 hover:bg-gray-100 bg-transparent text-black dark:border-white dark:hover:bg-zinc-100 dark:text-white dark:hover:text-black p-4"
          type="button"
        >
          <svg
            class="w-6 h-6"
            fill="currentColor"
            height="1em"
            stroke="currentColor"
            stroke-width="0"
            viewBox="0 0 256 256"
            width="1em"
            xmlns="http://www.w3.org/2000/svg"
          >
            <path
              d="M221.8,175.94C216.25,166.38,208,139.33,208,104a80,80,0,1,0-160,0c0,35.34-8.26,62.38-13.81,71.94A16,16,0,0,0,48,200H88.81a40,40,0,0,0,78.38,0H208a16,16,0,0,0,13.8-24.06ZM128,216a24,24,0,0,1-22.62-16h45.24A24,24,0,0,1,128,216ZM48,184c7.7-13.24,16-43.92,16-80a64,64,0,1,1,128,0c0,36.05,8.28,66.73,16,80Z"
            />
          </svg>
        </button>
        <img
          alt="test user avatar"
          class="rounded-lg"
          data-nimg="1"
          decoding="async"
          height="56"
          loading="lazy"
          src="/_next/image?url=https%3A%2F%2Fi.seadn.io%2Fgae%2FgctNTZKmTRG5z7A56d1GOfh4pxaM_b-XtVrmFN4FE6269fZoIOhc5dtr4YVHaOGRiXkRBVTta91iuz344f6YpjCTda7sfOWC5qlp%3Fauto%3Dformat%26dpr%3D1%26w%3D3840&w=128&q=75"
          srcset="/_next/image?url=https%3A%2F%2Fi.seadn.io%2Fgae%2FgctNTZKmTRG5z7A56d1GOfh4pxaM_b-XtVrmFN4FE6269fZoIOhc5dtr4YVHaOGRiXkRBVTta91iuz344f6YpjCTda7sfOWC5qlp%3Fauto%3Dformat%26dpr%3D1%26w%3D3840&w=64&q=75 1x, /_next/image?url=https%3A%2F%2Fi.seadn.io%2Fgae%2FgctNTZKmTRG5z7A56d1GOfh4pxaM_b-XtVrmFN4FE6269fZoIOhc5dtr4YVHaOGRiXkRBVTta91iuz344f6YpjCTda7sfOWC5qlp%3Fauto%3Dformat%26dpr%3D1%26w%3D3840&w=128&q=75 2x"
          style="color: transparent;"
          width="56"
        />
      </div>
    </div>
  </body>,
  "container": <div>
    <div
      class="flex items-center justify-between gap-4 p-3 bg-white dark:bg-zinc-800 rounded-lg"
    >
      <div
        class="relative w-full"
      >
        <div
          class="pointer-events-none absolute inset-y-0 start-0 flex items-center ps-3"
        >
          <svg
            class="h-6 w-6 text-slate-500"
            fill="currentColor"
            height="1em"
            id="search"
            stroke="currentColor"
            stroke-width="0"
            version="1.1"
            viewBox="0 0 24 24"
            width="1em"
            x="0px"
            xmlns="http://www.w3.org/2000/svg"
            y="0px"
          >
            <g>
              <path
                d="M20.031,20.79c0.46,0.46,1.17-0.25,0.71-0.7l-3.75-3.76c1.27-1.41,2.04-3.27,2.04-5.31
		c0-4.39-3.57-7.96-7.96-7.96s-7.96,3.57-7.96,7.96c0,4.39,3.57,7.96,7.96,7.96c1.98,0,3.81-0.73,5.21-1.94L20.031,20.79z
		 M4.11,11.02c0-3.84,3.13-6.96,6.96-6.96c3.84,0,6.96,3.12,6.96,6.96c0,3.84-3.12,6.96-6.96,6.96C7.24,17.98,4.11,14.86,4.11,11.02
		z"
              />
            </g>
          </svg>
        </div>
        <input
          class="p-4 border border-zinc-300 focus:outline focus:outline-zinc-300 rounded-lg w-full dark:border-gray-700 dark:focus:outline-gray-700 dark:focus:border-gray-700 disabled:cursor-not-allowed disabled:opacity-50 bg-transparent text-zinc-500 dark:text-white ps-10"
          placeholder="Search"
          type="text"
          value=""
        />
      </div>
      <button
        class="flex items-center rounded-lg disabled:cursor-not-allowed bg-neutral-800 text-white hover:bg-neutral-700 dark:bg-black dark:hover:opacity-70 disabled:bg-neutral-800/50 flex-none p-4"
        type="button"
      >
        <div
          class=""
        >
          <svg
            fill="currentColor"
            height="1em"
            stroke="currentColor"
            stroke-width="0"
            viewBox="0 0 16 16"
            width="1em"
            xmlns="http://www.w3.org/2000/svg"
          >
            <path
              d="M7.657 6.247c.11-.33.576-.33.686 0l.645 1.937a2.89 2.89 0 0 0 1.829 1.828l1.936.645c.33.11.33.576 0 .686l-1.937.645a2.89 2.89 0 0 0-1.828 1.829l-.645 1.936a.361.361 0 0 1-.686 0l-.645-1.937a2.89 2.89 0 0 0-1.828-1.828l-1.937-.645a.361.361 0 0 1 0-.686l1.937-.645a2.89 2.89 0 0 0 1.828-1.828zM3.794 1.148a.217.217 0 0 1 .412 0l.387 1.162c.173.518.579.924 1.097 1.097l1.162.387a.217.217 0 0 1 0 .412l-1.162.387A1.73 1.73 0 0 0 4.593 5.69l-.387 1.162a.217.217 0 0 1-.412 0L3.407 5.69A1.73 1.73 0 0 0 2.31 4.593l-1.162-.387a.217.217 0 0 1 0-.412l1.162-.387A1.73 1.73 0 0 0 3.407 2.31zM10.863.099a.145.145 0 0 1 .274 0l.258.774c.115.346.386.617.732.732l.774.258a.145.145 0 0 1 0 .274l-.774.258a1.16 1.16 0 0 0-.732.732l-.258.774a.145.145 0 0 1-.274 0l-.258-.774a1.16 1.16 0 0 0-.732-.732L9.1 2.137a.145.145 0 0 1 0-.274l.774-.258c.346-.115.617-.386.732-.732z"
            />
          </svg>
        </div>
        Create New Task
      </button>
      <button
        class="flex items-center rounded-lg disabled:cursor-not-allowed border border-gray-200 hover:bg-gray-100 bg-transparent text-black dark:border-white dark:hover:bg-zinc-100 dark:text-white dark:hover:text-black p-4"
        type="button"
      >
        <svg
          class="w-6 h-6"
          fill="currentColor"
          height="1em"
          stroke="currentColor"
          stroke-width="0"
          viewBox="0 0 256 256"
          width="1em"
          xmlns="http://www.w3.org/2000/svg"
        >
          <path
            d="M221.8,175.94C216.25,166.38,208,139.33,208,104a80,80,0,1,0-160,0c0,35.34-8.26,62.38-13.81,71.94A16,16,0,0,0,48,200H88.81a40,40,0,0,0,78.38,0H208a16,16,0,0,0,13.8-24.06ZM128,216a24,24,0,0,1-22.62-16h45.24A24,24,0,0,1,128,216ZM48,184c7.7-13.24,16-43.92,16-80a64,64,0,1,1,128,0c0,36.05,8.28,66.73,16,80Z"
          />
        </svg>
      </button>
      <img
        alt="test user avatar"
        class="rounded-lg"
        data-nimg="1"
        decoding="async"
        height="56"
        loading="lazy"
        src="/_next/image?url=https%3A%2F%2Fi.seadn.io%2Fgae%2FgctNTZKmTRG5z7A56d1GOfh4pxaM_b-XtVrmFN4FE6269fZoIOhc5dtr4YVHaOGRiXkRBVTta91iuz344f6YpjCTda7sfOWC5qlp%3Fauto%3Dformat%26dpr%3D1%26w%3D3840&w=128&q=75"
        srcset="/_next/image?url=https%3A%2F%2Fi.seadn.io%2Fgae%2FgctNTZKmTRG5z7A56d1GOfh4pxaM_b-XtVrmFN4FE6269fZoIOhc5dtr4YVHaOGRiXkRBVTta91iuz344f6YpjCTda7sfOWC5qlp%3Fauto%3Dformat%26dpr%3D1%26w%3D3840&w=64&q=75 1x, /_next/image?url=https%3A%2F%2Fi.seadn.io%2Fgae%2FgctNTZKmTRG5z7A56d1GOfh4pxaM_b-XtVrmFN4FE6269fZoIOhc5dtr4YVHaOGRiXkRBVTta91iuz344f6YpjCTda7sfOWC5qlp%3Fauto%3Dformat%26dpr%3D1%26w%3D3840&w=128&q=75 2x"
        style="color: transparent;"
        width="56"
      />
    </div>
  </div>,
  "debug": [Function],
  "findAllByAltText": [Function],
  "findAllByDisplayValue": [Function],
  "findAllByLabelText": [Function],
  "findAllByPlaceholderText": [Function],
  "findAllByRole": [Function],
  "findAllByTestId": [Function],
  "findAllByText": [Function],
  "findAllByTitle": [Function],
  "findByAltText": [Function],
  "findByDisplayValue": [Function],
  "findByLabelText": [Function],
  "findByPlaceholderText": [Function],
  "findByRole": [Function],
  "findByTestId": [Function],
  "findByText": [Function],
  "findByTitle": [Function],
  "getAllByAltText": [Function],
  "getAllByDisplayValue": [Function],
  "getAllByLabelText": [Function],
  "getAllByPlaceholderText": [Function],
  "getAllByRole": [Function],
  "getAllByTestId": [Function],
  "getAllByText": [Function],
  "getAllByTitle": [Function],
  "getByAltText": [Function],
  "getByDisplayValue": [Function],
  "getByLabelText": [Function],
  "getByPlaceholderText": [Function],
  "getByRole": [Function],
  "getByTestId": [Function],
  "getByText": [Function],
  "getByTitle": [Function],
  "queryAllByAltText": [Function],
  "queryAllByDisplayValue": [Function],
  "queryAllByLabelText": [Function],
  "queryAllByPlaceholderText": [Function],
  "queryAllByRole": [Function],
  "queryAllByTestId": [Function],
  "queryAllByText": [Function],
  "queryAllByTitle": [Function],
  "queryByAltText": [Function],
  "queryByDisplayValue": [Function],
  "queryByLabelText": [Function],
  "queryByPlaceholderText": [Function],
  "queryByRole": [Function],
  "queryByTestId": [Function],
  "queryByText": [Function],
  "queryByTitle": [Function],
  "rerender": [Function],
  "unmount": [Function],
}
`;
